// Jest Snapshot v1, https://goo.gl/fbAQLP

exports[`<Sidebar /> should render the heading 1`] = `
<main
  class=""
>
  <h1>
    Sidebar
  </h1>
</main>
`;
